../Core/Src/main.c:90:5:uart2_write	16	static
../Core/Src/main.c:100:5:__io_putchar	16	static
../Core/Src/main.c:112:5:main	8	static
../Core/Src/main.c:216:6:SystemClock_Config	88	static
../Core/Src/main.c:264:13:MX_ADC1_Init	24	static
../Core/Src/main.c:316:13:MX_I2C1_Init	8	static
../Core/Src/main.c:350:13:MX_USART2_UART_Init	8	static
../Core/Src/main.c:383:13:MX_GPIO_Init	24	static
../Core/Src/main.c:409:6:StartTask01	16	static
../Core/Src/main.c:436:6:StartTask02	32	static
../Core/Src/main.c:461:6:HAL_TIM_PeriodElapsedCallback	16	static
../Core/Src/main.c:478:6:Error_Handler	4	static,ignoring_inline_asm
