../Core/Src/main.c:116:5:main	8	static
../Core/Src/main.c:214:6:SystemClock_Config	88	static
../Core/Src/main.c:269:13:MX_USART2_UART_Init	8	static
../Core/Src/main.c:302:13:MX_GPIO_Init	48	static
../Core/Src/main.c:338:9:hasTimePassed	24	static
../Core/Src/main.c:347:6:StartButtonTask	16	static
../Core/Src/main.c:359:6:StartTask4	16	static
../Core/Src/main.c:375:6:StartTask5	16	static
../Core/Src/main.c:399:6:StartTask1	16	static
../Core/Src/main.c:423:6:StartTask2	16	static
../Core/Src/main.c:447:6:StartTask3	16	static
../Core/Src/main.c:473:6:HAL_TIM_PeriodElapsedCallback	16	static
../Core/Src/main.c:490:6:Error_Handler	4	static,ignoring_inline_asm
