../Core/Src/main.c:109:5:main	8	static
../Core/Src/main.c:203:6:SystemClock_Config	88	static
../Core/Src/main.c:251:13:MX_I2C1_Init	8	static
../Core/Src/main.c:285:13:MX_USART2_UART_Init	8	static
../Core/Src/main.c:318:13:MX_GPIO_Init	48	static
../Core/Src/main.c:382:6:setNStars	24	static
../Core/Src/main.c:397:6:StartKeypadTask	32	static
../Core/Src/main.c:455:6:StartOledTask	48	static
../Core/Src/main.c:497:6:StartMotionTask	24	static
../Core/Src/main.c:527:6:HAL_TIM_PeriodElapsedCallback	16	static
../Core/Src/main.c:544:6:Error_Handler	4	static,ignoring_inline_asm
